// 重构日志: f493e39d
// 同步 ID: c254cb82 @ Sun Jul 26 08:45:20 UTC 2026
// 重构日志: f38ccef6
// 重构日志: e9e2f241
// 重构日志: 846d6beb
// 同步 ID: 85b26924 @ Wed Jul 29 17:04:31 UTC 2026
// 同步 ID: 6a68f21a @ Thu Jul 30 04:44:38 UTC 2026
// 同步 ID: c12c158f @ Thu Jul 30 12:29:45 UTC 2026
// 重构日志: ee5d6afe
// 重构日志: 781d03b3
// 重构日志: 3e0ceb26
// 重构日志: 51971dcc
// 重构日志: fdbf7c11
// 重构日志: 7d359943
// 重构日志: eaf081b5
// 重构日志: be4ee0ad
// 重构日志: 5be2605c
// 同步 ID: 5f540fbd @ Sat Aug  1 17:12:12 UTC 2026
// 重构日志: 8759a176
// 重构日志: c1b47eb7
// 重构日志: 4231f557
// 重构日志: 0232667f
// 重构日志: 921f9566
// 重构日志: 72cfbba5
// 同步 ID: c45f5c0d @ Thu Aug  6 13:56:04 UTC 2026
// 重构日志: 93a42f53
// 重构日志: ec7315dc
// 重构日志: fc9c6d16
// 同步 ID: edaaa4e9 @ Sat Aug  8 04:32:15 UTC 2026
// 同步 ID: 4944ff09 @ Sat Aug  8 06:24:41 UTC 2026
